Archive member included because of file (symbol)

c:/users/bagiz/videos/embeded systems a s/tools/imt_sdk_win_64/winavr/bin/../lib/gcc/avr/4.3.3/avr5\libgcc.a(_mulsi3.o)
                              ./CLCD_prog.o (__mulsi3)
c:/users/bagiz/videos/embeded systems a s/tools/imt_sdk_win_64/winavr/bin/../lib/gcc/avr/4.3.3/avr5\libgcc.a(_divmodsi4.o)
                              ./CLCD_prog.o (__divmodsi4)
c:/users/bagiz/videos/embeded systems a s/tools/imt_sdk_win_64/winavr/bin/../lib/gcc/avr/4.3.3/avr5\libgcc.a(_exit.o)
                              c:/users/bagiz/videos/embeded systems a s/tools/imt_sdk_win_64/winavr/bin/../lib/gcc/avr/4.3.3/../../../../avr/lib/avr5/crtm32.o (exit)
c:/users/bagiz/videos/embeded systems a s/tools/imt_sdk_win_64/winavr/bin/../lib/gcc/avr/4.3.3/avr5\libgcc.a(_copy_data.o)
                              ./KPD_prog.o (__do_copy_data)
c:/users/bagiz/videos/embeded systems a s/tools/imt_sdk_win_64/winavr/bin/../lib/gcc/avr/4.3.3/avr5\libgcc.a(_clear_bss.o)
                              ./EXTI_prog.o (__do_clear_bss)
c:/users/bagiz/videos/embeded systems a s/tools/imt_sdk_win_64/winavr/bin/../lib/gcc/avr/4.3.3/avr5\libgcc.a(_fixunssfsi.o)
                              ./CLCD_prog.o (__fixunssfsi)
c:/users/bagiz/videos/embeded systems a s/tools/imt_sdk_win_64/winavr/bin/../lib/gcc/avr/4.3.3/avr5\libgcc.a(_addsub_sf.o)
                              c:/users/bagiz/videos/embeded systems a s/tools/imt_sdk_win_64/winavr/bin/../lib/gcc/avr/4.3.3/avr5\libgcc.a(_fixunssfsi.o) (__subsf3)
c:/users/bagiz/videos/embeded systems a s/tools/imt_sdk_win_64/winavr/bin/../lib/gcc/avr/4.3.3/avr5\libgcc.a(_mul_sf.o)
                              ./CLCD_prog.o (__mulsf3)
c:/users/bagiz/videos/embeded systems a s/tools/imt_sdk_win_64/winavr/bin/../lib/gcc/avr/4.3.3/avr5\libgcc.a(_gt_sf.o)
                              ./CLCD_prog.o (__gtsf2)
c:/users/bagiz/videos/embeded systems a s/tools/imt_sdk_win_64/winavr/bin/../lib/gcc/avr/4.3.3/avr5\libgcc.a(_ge_sf.o)
                              c:/users/bagiz/videos/embeded systems a s/tools/imt_sdk_win_64/winavr/bin/../lib/gcc/avr/4.3.3/avr5\libgcc.a(_fixunssfsi.o) (__gesf2)
c:/users/bagiz/videos/embeded systems a s/tools/imt_sdk_win_64/winavr/bin/../lib/gcc/avr/4.3.3/avr5\libgcc.a(_lt_sf.o)
                              ./CLCD_prog.o (__ltsf2)
c:/users/bagiz/videos/embeded systems a s/tools/imt_sdk_win_64/winavr/bin/../lib/gcc/avr/4.3.3/avr5\libgcc.a(_sf_to_si.o)
                              c:/users/bagiz/videos/embeded systems a s/tools/imt_sdk_win_64/winavr/bin/../lib/gcc/avr/4.3.3/avr5\libgcc.a(_fixunssfsi.o) (__fixsfsi)
c:/users/bagiz/videos/embeded systems a s/tools/imt_sdk_win_64/winavr/bin/../lib/gcc/avr/4.3.3/avr5\libgcc.a(_thenan_sf.o)
                              c:/users/bagiz/videos/embeded systems a s/tools/imt_sdk_win_64/winavr/bin/../lib/gcc/avr/4.3.3/avr5\libgcc.a(_addsub_sf.o) (__thenan_sf)
c:/users/bagiz/videos/embeded systems a s/tools/imt_sdk_win_64/winavr/bin/../lib/gcc/avr/4.3.3/avr5\libgcc.a(_usi_to_sf.o)
                              ./main.o (__floatunsisf)
c:/users/bagiz/videos/embeded systems a s/tools/imt_sdk_win_64/winavr/bin/../lib/gcc/avr/4.3.3/avr5\libgcc.a(_udivmodsi4.o)
                              c:/users/bagiz/videos/embeded systems a s/tools/imt_sdk_win_64/winavr/bin/../lib/gcc/avr/4.3.3/avr5\libgcc.a(_divmodsi4.o) (__udivmodsi4)
c:/users/bagiz/videos/embeded systems a s/tools/imt_sdk_win_64/winavr/bin/../lib/gcc/avr/4.3.3/avr5\libgcc.a(_prologue.o)
                              c:/users/bagiz/videos/embeded systems a s/tools/imt_sdk_win_64/winavr/bin/../lib/gcc/avr/4.3.3/avr5\libgcc.a(_addsub_sf.o) (__prologue_saves__)
c:/users/bagiz/videos/embeded systems a s/tools/imt_sdk_win_64/winavr/bin/../lib/gcc/avr/4.3.3/avr5\libgcc.a(_epilogue.o)
                              c:/users/bagiz/videos/embeded systems a s/tools/imt_sdk_win_64/winavr/bin/../lib/gcc/avr/4.3.3/avr5\libgcc.a(_addsub_sf.o) (__epilogue_restores__)
c:/users/bagiz/videos/embeded systems a s/tools/imt_sdk_win_64/winavr/bin/../lib/gcc/avr/4.3.3/avr5\libgcc.a(_clzsi2.o)
                              c:/users/bagiz/videos/embeded systems a s/tools/imt_sdk_win_64/winavr/bin/../lib/gcc/avr/4.3.3/avr5\libgcc.a(_usi_to_sf.o) (__clzsi2)
c:/users/bagiz/videos/embeded systems a s/tools/imt_sdk_win_64/winavr/bin/../lib/gcc/avr/4.3.3/avr5\libgcc.a(_pack_sf.o)
                              c:/users/bagiz/videos/embeded systems a s/tools/imt_sdk_win_64/winavr/bin/../lib/gcc/avr/4.3.3/avr5\libgcc.a(_addsub_sf.o) (__pack_f)
c:/users/bagiz/videos/embeded systems a s/tools/imt_sdk_win_64/winavr/bin/../lib/gcc/avr/4.3.3/avr5\libgcc.a(_unpack_sf.o)
                              c:/users/bagiz/videos/embeded systems a s/tools/imt_sdk_win_64/winavr/bin/../lib/gcc/avr/4.3.3/avr5\libgcc.a(_addsub_sf.o) (__unpack_f)
c:/users/bagiz/videos/embeded systems a s/tools/imt_sdk_win_64/winavr/bin/../lib/gcc/avr/4.3.3/avr5\libgcc.a(_fpcmp_parts_sf.o)
                              c:/users/bagiz/videos/embeded systems a s/tools/imt_sdk_win_64/winavr/bin/../lib/gcc/avr/4.3.3/avr5\libgcc.a(_gt_sf.o) (__fpcmp_parts_f)
c:/users/bagiz/videos/embeded systems a s/tools/imt_sdk_win_64/winavr/bin/../lib/gcc/avr/4.3.3/avr5\libgcc.a(_clz.o)
                              c:/users/bagiz/videos/embeded systems a s/tools/imt_sdk_win_64/winavr/bin/../lib/gcc/avr/4.3.3/avr5\libgcc.a(_clzsi2.o) (__clz_tab)

Allocating common symbols
Common symbol       size              file

state               0x1               ./main.o

Memory Configuration

Name             Origin             Length             Attributes
text             0x00000000         0x00020000         xr
data             0x00800060         0x0000ffa0         rw !x
eeprom           0x00810000         0x00010000         rw !x
fuse             0x00820000         0x00000400         rw !x
lock             0x00830000         0x00000400         rw !x
signature        0x00840000         0x00000400         rw !x
*default*        0x00000000         0xffffffff

Linker script and memory map

LOAD c:/users/bagiz/videos/embeded systems a s/tools/imt_sdk_win_64/winavr/bin/../lib/gcc/avr/4.3.3/../../../../avr/lib/avr5/crtm32.o
LOAD ./CLCD_prog.o
LOAD ./DC_MOTOR_prog.o
LOAD ./DIO_prog.o
LOAD ./EXTI_prog.o
LOAD ./GIE_prog.o
LOAD ./KPD_prog.o
LOAD ./LED_prog.o
LOAD ./PORT_prog.o
LOAD ./SWITCH_prog.o
LOAD ./main.o
LOAD c:/users/bagiz/videos/embeded systems a s/tools/imt_sdk_win_64/winavr/bin/../lib/gcc/avr/4.3.3/avr5\libgcc.a
LOAD c:/users/bagiz/videos/embeded systems a s/tools/imt_sdk_win_64/winavr/bin/../lib/gcc/avr/4.3.3/../../../../avr/lib/avr5\libc.a
LOAD c:/users/bagiz/videos/embeded systems a s/tools/imt_sdk_win_64/winavr/bin/../lib/gcc/avr/4.3.3/avr5\libgcc.a

.hash
 *(.hash)

.dynsym
 *(.dynsym)

.dynstr
 *(.dynstr)

.gnu.version
 *(.gnu.version)

.gnu.version_d
 *(.gnu.version_d)

.gnu.version_r
 *(.gnu.version_r)

.rel.init
 *(.rel.init)

.rela.init
 *(.rela.init)

.rel.text
 *(.rel.text)
 *(.rel.text.*)
 *(.rel.gnu.linkonce.t*)

.rela.text
 *(.rela.text)
 *(.rela.text.*)
 *(.rela.gnu.linkonce.t*)

.rel.fini
 *(.rel.fini)

.rela.fini
 *(.rela.fini)

.rel.rodata
 *(.rel.rodata)
 *(.rel.rodata.*)
 *(.rel.gnu.linkonce.r*)

.rela.rodata
 *(.rela.rodata)
 *(.rela.rodata.*)
 *(.rela.gnu.linkonce.r*)

.rel.data
 *(.rel.data)
 *(.rel.data.*)
 *(.rel.gnu.linkonce.d*)

.rela.data
 *(.rela.data)
 *(.rela.data.*)
 *(.rela.gnu.linkonce.d*)

.rel.ctors
 *(.rel.ctors)

.rela.ctors
 *(.rela.ctors)

.rel.dtors
 *(.rel.dtors)

.rela.dtors
 *(.rela.dtors)

.rel.got
 *(.rel.got)

.rela.got
 *(.rela.got)

.rel.bss
 *(.rel.bss)

.rela.bss
 *(.rela.bss)

.rel.plt
 *(.rel.plt)

.rela.plt
 *(.rela.plt)

.text           0x00000000     0x2cd4
 *(.vectors)
 .vectors       0x00000000       0x54 c:/users/bagiz/videos/embeded systems a s/tools/imt_sdk_win_64/winavr/bin/../lib/gcc/avr/4.3.3/../../../../avr/lib/avr5/crtm32.o
                0x00000000                __vectors
                0x00000000                __vector_default
 *(.vectors)
 *(.progmem.gcc*)
 *(.progmem*)
                0x00000054                . = ALIGN (0x2)
                0x00000054                __trampolines_start = .
 *(.trampolines)
 .trampolines   0x00000054        0x0 linker stubs
 *(.trampolines*)
                0x00000054                __trampolines_end = .
 *(.jumptables)
 *(.jumptables*)
 *(.lowtext)
 *(.lowtext*)
                0x00000054                __ctors_start = .
 *(.ctors)
                0x00000054                __ctors_end = .
                0x00000054                __dtors_start = .
 *(.dtors)
                0x00000054                __dtors_end = .
 SORT(*)(.ctors)
 SORT(*)(.dtors)
 *(.init0)
 .init0         0x00000054        0x0 c:/users/bagiz/videos/embeded systems a s/tools/imt_sdk_win_64/winavr/bin/../lib/gcc/avr/4.3.3/../../../../avr/lib/avr5/crtm32.o
                0x00000054                __init
 *(.init0)
 *(.init1)
 *(.init1)
 *(.init2)
 .init2         0x00000054        0xc c:/users/bagiz/videos/embeded systems a s/tools/imt_sdk_win_64/winavr/bin/../lib/gcc/avr/4.3.3/../../../../avr/lib/avr5/crtm32.o
 *(.init2)
 *(.init3)
 *(.init3)
 *(.init4)
 .init4         0x00000060       0x16 c:/users/bagiz/videos/embeded systems a s/tools/imt_sdk_win_64/winavr/bin/../lib/gcc/avr/4.3.3/avr5\libgcc.a(_copy_data.o)
                0x00000060                __do_copy_data
 .init4         0x00000076       0x10 c:/users/bagiz/videos/embeded systems a s/tools/imt_sdk_win_64/winavr/bin/../lib/gcc/avr/4.3.3/avr5\libgcc.a(_clear_bss.o)
                0x00000076                __do_clear_bss
 *(.init4)
 *(.init5)
 *(.init5)
 *(.init6)
 *(.init6)
 *(.init7)
 *(.init7)
 *(.init8)
 *(.init8)
 *(.init9)
 .init9         0x00000086        0x8 c:/users/bagiz/videos/embeded systems a s/tools/imt_sdk_win_64/winavr/bin/../lib/gcc/avr/4.3.3/../../../../avr/lib/avr5/crtm32.o
 *(.init9)
 *(.text)
 .text          0x0000008e        0x4 c:/users/bagiz/videos/embeded systems a s/tools/imt_sdk_win_64/winavr/bin/../lib/gcc/avr/4.3.3/../../../../avr/lib/avr5/crtm32.o
                0x0000008e                __vector_12
                0x0000008e                __bad_interrupt
                0x0000008e                __vector_6
                0x0000008e                __vector_11
                0x0000008e                __vector_13
                0x0000008e                __vector_17
                0x0000008e                __vector_19
                0x0000008e                __vector_7
                0x0000008e                __vector_5
                0x0000008e                __vector_4
                0x0000008e                __vector_9
                0x0000008e                __vector_15
                0x0000008e                __vector_8
                0x0000008e                __vector_14
                0x0000008e                __vector_10
                0x0000008e                __vector_16
                0x0000008e                __vector_18
                0x0000008e                __vector_20
 .text          0x00000092        0x0 ./CLCD_prog.o
 .text          0x00000092        0x0 ./DC_MOTOR_prog.o
 .text          0x00000092        0x0 ./DIO_prog.o
 .text          0x00000092        0x0 ./EXTI_prog.o
 .text          0x00000092        0x0 ./GIE_prog.o
 .text          0x00000092        0x0 ./KPD_prog.o
 .text          0x00000092        0x0 ./LED_prog.o
 .text          0x00000092        0x0 ./PORT_prog.o
 .text          0x00000092        0x0 ./SWITCH_prog.o
 .text          0x00000092        0x0 ./main.o
 .text          0x00000092        0x0 c:/users/bagiz/videos/embeded systems a s/tools/imt_sdk_win_64/winavr/bin/../lib/gcc/avr/4.3.3/avr5\libgcc.a(_mulsi3.o)
 .text          0x00000092        0x0 c:/users/bagiz/videos/embeded systems a s/tools/imt_sdk_win_64/winavr/bin/../lib/gcc/avr/4.3.3/avr5\libgcc.a(_divmodsi4.o)
 .text          0x00000092        0x0 c:/users/bagiz/videos/embeded systems a s/tools/imt_sdk_win_64/winavr/bin/../lib/gcc/avr/4.3.3/avr5\libgcc.a(_exit.o)
 .text          0x00000092        0x0 c:/users/bagiz/videos/embeded systems a s/tools/imt_sdk_win_64/winavr/bin/../lib/gcc/avr/4.3.3/avr5\libgcc.a(_copy_data.o)
 .text          0x00000092        0x0 c:/users/bagiz/videos/embeded systems a s/tools/imt_sdk_win_64/winavr/bin/../lib/gcc/avr/4.3.3/avr5\libgcc.a(_clear_bss.o)
 .text          0x00000092       0x58 c:/users/bagiz/videos/embeded systems a s/tools/imt_sdk_win_64/winavr/bin/../lib/gcc/avr/4.3.3/avr5\libgcc.a(_fixunssfsi.o)
                0x00000092                __fixunssfsi
 .text          0x000000ea      0x354 c:/users/bagiz/videos/embeded systems a s/tools/imt_sdk_win_64/winavr/bin/../lib/gcc/avr/4.3.3/avr5\libgcc.a(_addsub_sf.o)
                0x00000382                __subsf3
                0x000003e4                __addsf3
 .text          0x0000043e      0x1f4 c:/users/bagiz/videos/embeded systems a s/tools/imt_sdk_win_64/winavr/bin/../lib/gcc/avr/4.3.3/avr5\libgcc.a(_mul_sf.o)
                0x0000043e                __mulsf3
 .text          0x00000632       0x60 c:/users/bagiz/videos/embeded systems a s/tools/imt_sdk_win_64/winavr/bin/../lib/gcc/avr/4.3.3/avr5\libgcc.a(_gt_sf.o)
                0x00000632                __gtsf2
 .text          0x00000692       0x60 c:/users/bagiz/videos/embeded systems a s/tools/imt_sdk_win_64/winavr/bin/../lib/gcc/avr/4.3.3/avr5\libgcc.a(_ge_sf.o)
                0x00000692                __gesf2
 .text          0x000006f2       0x60 c:/users/bagiz/videos/embeded systems a s/tools/imt_sdk_win_64/winavr/bin/../lib/gcc/avr/4.3.3/avr5\libgcc.a(_lt_sf.o)
                0x000006f2                __ltsf2
 .text          0x00000752       0xa8 c:/users/bagiz/videos/embeded systems a s/tools/imt_sdk_win_64/winavr/bin/../lib/gcc/avr/4.3.3/avr5\libgcc.a(_sf_to_si.o)
                0x00000752                __fixsfsi
 .text          0x000007fa        0x0 c:/users/bagiz/videos/embeded systems a s/tools/imt_sdk_win_64/winavr/bin/../lib/gcc/avr/4.3.3/avr5\libgcc.a(_thenan_sf.o)
 .text          0x000007fa       0xf2 c:/users/bagiz/videos/embeded systems a s/tools/imt_sdk_win_64/winavr/bin/../lib/gcc/avr/4.3.3/avr5\libgcc.a(_usi_to_sf.o)
                0x000007fa                __floatunsisf
 .text          0x000008ec        0x0 c:/users/bagiz/videos/embeded systems a s/tools/imt_sdk_win_64/winavr/bin/../lib/gcc/avr/4.3.3/avr5\libgcc.a(_udivmodsi4.o)
 .text          0x000008ec        0x0 c:/users/bagiz/videos/embeded systems a s/tools/imt_sdk_win_64/winavr/bin/../lib/gcc/avr/4.3.3/avr5\libgcc.a(_prologue.o)
 .text          0x000008ec        0x0 c:/users/bagiz/videos/embeded systems a s/tools/imt_sdk_win_64/winavr/bin/../lib/gcc/avr/4.3.3/avr5\libgcc.a(_epilogue.o)
 .text          0x000008ec       0x9e c:/users/bagiz/videos/embeded systems a s/tools/imt_sdk_win_64/winavr/bin/../lib/gcc/avr/4.3.3/avr5\libgcc.a(_clzsi2.o)
                0x000008ec                __clzsi2
 .text          0x0000098a      0x1aa c:/users/bagiz/videos/embeded systems a s/tools/imt_sdk_win_64/winavr/bin/../lib/gcc/avr/4.3.3/avr5\libgcc.a(_pack_sf.o)
                0x0000098a                __pack_f
 .text          0x00000b34       0xf0 c:/users/bagiz/videos/embeded systems a s/tools/imt_sdk_win_64/winavr/bin/../lib/gcc/avr/4.3.3/avr5\libgcc.a(_unpack_sf.o)
                0x00000b34                __unpack_f
 .text          0x00000c24       0xb2 c:/users/bagiz/videos/embeded systems a s/tools/imt_sdk_win_64/winavr/bin/../lib/gcc/avr/4.3.3/avr5\libgcc.a(_fpcmp_parts_sf.o)
                0x00000c24                __fpcmp_parts_f
 .text          0x00000cd6        0x0 c:/users/bagiz/videos/embeded systems a s/tools/imt_sdk_win_64/winavr/bin/../lib/gcc/avr/4.3.3/avr5\libgcc.a(_clz.o)
                0x00000cd6                . = ALIGN (0x2)
 *(.text.*)
 .text.CLCD_voidSendEnablePusle
                0x00000cd6      0x11e ./CLCD_prog.o
 .text.CLCD_voidSend4Bits
                0x00000df4       0x60 ./CLCD_prog.o
 .text.CLCD_voidInit
                0x00000e54      0x134 ./CLCD_prog.o
                0x00000e54                CLCD_voidInit
 .text.CLCD_voidSendCommand
                0x00000f88       0x36 ./CLCD_prog.o
                0x00000f88                CLCD_voidSendCommand
 .text.CLCD_voidSendData
                0x00000fbe       0x36 ./CLCD_prog.o
                0x00000fbe                CLCD_voidSendData
 .text.CLCD_voidSendDataPos
                0x00000ff4       0x2c ./CLCD_prog.o
                0x00000ff4                CLCD_voidSendDataPos
 .text.CLCD_voidSendString
                0x00001020      0x146 ./CLCD_prog.o
                0x00001020                CLCD_voidSendString
 .text.CLCD_voidSendStringPos
                0x00001166       0x3e ./CLCD_prog.o
                0x00001166                CLCD_voidSendStringPos
 .text.CLCD_voidDisplayNumber
                0x000011a4      0x1e0 ./CLCD_prog.o
                0x000011a4                CLCD_voidDisplayNumber
 .text.CLCD_u8GoToXY
                0x00001384       0x64 ./CLCD_prog.o
                0x00001384                CLCD_u8GoToXY
 .text.CLCD_u8SendSpecialCharacter
                0x000013e8       0x9a ./CLCD_prog.o
                0x000013e8                CLCD_u8SendSpecialCharacter
 .text.Motor_voidRotateCW
                0x00001482       0x54 ./DC_MOTOR_prog.o
                0x00001482                Motor_voidRotateCW
 .text.Motor_voidRotateCCW
                0x000014d6       0x54 ./DC_MOTOR_prog.o
                0x000014d6                Motor_voidRotateCCW
 .text.Motor_voidStop
                0x0000152a       0x54 ./DC_MOTOR_prog.o
                0x0000152a                Motor_voidStop
 .text.DIO_u8SetPinDirection
                0x0000157e      0x216 ./DIO_prog.o
                0x0000157e                DIO_u8SetPinDirection
 .text.DIO_u8SetPinValue
                0x00001794      0x216 ./DIO_prog.o
                0x00001794                DIO_u8SetPinValue
 .text.DIO_u8ReadPinValue
                0x000019aa      0x142 ./DIO_prog.o
                0x000019aa                DIO_u8ReadPinValue
 .text.DIO_u8TogglePinValue
                0x00001aec      0x116 ./DIO_prog.o
                0x00001aec                DIO_u8TogglePinValue
 .text.DIO_u8SetPortDirection
                0x00001c02       0x90 ./DIO_prog.o
                0x00001c02                DIO_u8SetPortDirection
 .text.DIO_u8SetPortValue
                0x00001c92       0x90 ./DIO_prog.o
                0x00001c92                DIO_u8SetPortValue
 .text.DIO_u8TogglePortValue
                0x00001d22       0xa2 ./DIO_prog.o
                0x00001d22                DIO_u8TogglePortValue
 .text.EXTI_voidInit
                0x00001dc4       0x7e ./EXTI_prog.o
                0x00001dc4                EXTI_voidInit
 .text.EXTI_u8SetSenceCtrl
                0x00001e42      0x1fe ./EXTI_prog.o
                0x00001e42                EXTI_u8SetSenceCtrl
 .text.EXTI_u8EnableIntChannel
                0x00002040       0x78 ./EXTI_prog.o
                0x00002040                EXTI_u8EnableIntChannel
 .text.EXTI_u8DisableIntChannel
                0x000020b8       0x78 ./EXTI_prog.o
                0x000020b8                EXTI_u8DisableIntChannel
 .text.EXTI_u8SetCallBack
                0x00002130       0x50 ./EXTI_prog.o
                0x00002130                EXTI_u8SetCallBack
 .text.__vector_1
                0x00002180       0x66 ./EXTI_prog.o
                0x00002180                __vector_1
 .text.__vector_2
                0x000021e6       0x66 ./EXTI_prog.o
                0x000021e6                __vector_2
 .text.__vector_3
                0x0000224c       0x66 ./EXTI_prog.o
                0x0000224c                __vector_3
 .text.GIE_voidEnableGlobal
                0x000022b2       0x10 ./GIE_prog.o
                0x000022b2                GIE_voidEnableGlobal
 .text.GIE_voidDisableGlobal
                0x000022c2       0x10 ./GIE_prog.o
                0x000022c2                GIE_voidDisableGlobal
 .text.KPD_8uGetPressedKey
                0x000022d2      0x16c ./KPD_prog.o
                0x000022d2                KPD_8uGetPressedKey
 .text.LED_u8SetON
                0x0000243e       0x6a ./LED_prog.o
                0x0000243e                LED_u8SetON
 .text.LED_u8SetOFF
                0x000024a8       0x6a ./LED_prog.o
                0x000024a8                LED_u8SetOFF
 .text.LED_u8SetToggle
                0x00002512       0x3e ./LED_prog.o
                0x00002512                LED_u8SetToggle
 .text.PORT_voidInit
                0x00002550       0x48 ./PORT_prog.o
                0x00002550                PORT_voidInit
 .text.SWITCH_u8GetState
                0x00002598       0xb4 ./SWITCH_prog.o
                0x00002598                SWITCH_u8GetState
 .text.main     0x0000264c      0x528 ./main.o
                0x0000264c                main
 .text.int2_func
                0x00002b74       0x14 ./main.o
                0x00002b74                int2_func
 .text.int0_func
                0x00002b88       0x22 ./main.o
                0x00002b88                int0_func
 .text.libgcc   0x00002baa       0x3e c:/users/bagiz/videos/embeded systems a s/tools/imt_sdk_win_64/winavr/bin/../lib/gcc/avr/4.3.3/avr5\libgcc.a(_mulsi3.o)
                0x00002baa                __mulsi3
 .text.libgcc   0x00002be8       0x36 c:/users/bagiz/videos/embeded systems a s/tools/imt_sdk_win_64/winavr/bin/../lib/gcc/avr/4.3.3/avr5\libgcc.a(_divmodsi4.o)
                0x00002be8                __divmodsi4
 .text.libgcc   0x00002c1e        0x0 c:/users/bagiz/videos/embeded systems a s/tools/imt_sdk_win_64/winavr/bin/../lib/gcc/avr/4.3.3/avr5\libgcc.a(_exit.o)
 .text.libgcc   0x00002c1e        0x0 c:/users/bagiz/videos/embeded systems a s/tools/imt_sdk_win_64/winavr/bin/../lib/gcc/avr/4.3.3/avr5\libgcc.a(_copy_data.o)
 .text.libgcc   0x00002c1e        0x0 c:/users/bagiz/videos/embeded systems a s/tools/imt_sdk_win_64/winavr/bin/../lib/gcc/avr/4.3.3/avr5\libgcc.a(_clear_bss.o)
 .text.libgcc   0x00002c1e       0x44 c:/users/bagiz/videos/embeded systems a s/tools/imt_sdk_win_64/winavr/bin/../lib/gcc/avr/4.3.3/avr5\libgcc.a(_udivmodsi4.o)
                0x00002c1e                __udivmodsi4
 .text.libgcc   0x00002c62       0x38 c:/users/bagiz/videos/embeded systems a s/tools/imt_sdk_win_64/winavr/bin/../lib/gcc/avr/4.3.3/avr5\libgcc.a(_prologue.o)
                0x00002c62                __prologue_saves__
 .text.libgcc   0x00002c9a       0x36 c:/users/bagiz/videos/embeded systems a s/tools/imt_sdk_win_64/winavr/bin/../lib/gcc/avr/4.3.3/avr5\libgcc.a(_epilogue.o)
                0x00002c9a                __epilogue_restores__
                0x00002cd0                . = ALIGN (0x2)
 *(.fini9)
 .fini9         0x00002cd0        0x0 c:/users/bagiz/videos/embeded systems a s/tools/imt_sdk_win_64/winavr/bin/../lib/gcc/avr/4.3.3/avr5\libgcc.a(_exit.o)
                0x00002cd0                exit
                0x00002cd0                _exit
 *(.fini9)
 *(.fini8)
 *(.fini8)
 *(.fini7)
 *(.fini7)
 *(.fini6)
 *(.fini6)
 *(.fini5)
 *(.fini5)
 *(.fini4)
 *(.fini4)
 *(.fini3)
 *(.fini3)
 *(.fini2)
 *(.fini2)
 *(.fini1)
 *(.fini1)
 *(.fini0)
 .fini0         0x00002cd0        0x4 c:/users/bagiz/videos/embeded systems a s/tools/imt_sdk_win_64/winavr/bin/../lib/gcc/avr/4.3.3/avr5\libgcc.a(_exit.o)
 *(.fini0)
                0x00002cd4                _etext = .

.data           0x00800060      0x14e load address 0x00002cd4
                0x00800060                PROVIDE (__data_start, .)
 *(.data)
 .data          0x00800060        0x0 c:/users/bagiz/videos/embeded systems a s/tools/imt_sdk_win_64/winavr/bin/../lib/gcc/avr/4.3.3/../../../../avr/lib/avr5/crtm32.o
 .data          0x00800060        0x0 ./CLCD_prog.o
 .data          0x00800060        0x0 ./DC_MOTOR_prog.o
 .data          0x00800060        0x0 ./DIO_prog.o
 .data          0x00800060        0x0 ./EXTI_prog.o
 .data          0x00800060        0x0 ./GIE_prog.o
 .data          0x00800060        0x0 ./KPD_prog.o
 .data          0x00800060        0x0 ./LED_prog.o
 .data          0x00800060        0x0 ./PORT_prog.o
 .data          0x00800060        0x0 ./SWITCH_prog.o
 .data          0x00800060       0x1a ./main.o
 .data          0x0080007a        0x0 c:/users/bagiz/videos/embeded systems a s/tools/imt_sdk_win_64/winavr/bin/../lib/gcc/avr/4.3.3/avr5\libgcc.a(_mulsi3.o)
 .data          0x0080007a        0x0 c:/users/bagiz/videos/embeded systems a s/tools/imt_sdk_win_64/winavr/bin/../lib/gcc/avr/4.3.3/avr5\libgcc.a(_divmodsi4.o)
 .data          0x0080007a        0x0 c:/users/bagiz/videos/embeded systems a s/tools/imt_sdk_win_64/winavr/bin/../lib/gcc/avr/4.3.3/avr5\libgcc.a(_exit.o)
 .data          0x0080007a        0x0 c:/users/bagiz/videos/embeded systems a s/tools/imt_sdk_win_64/winavr/bin/../lib/gcc/avr/4.3.3/avr5\libgcc.a(_copy_data.o)
 .data          0x0080007a        0x0 c:/users/bagiz/videos/embeded systems a s/tools/imt_sdk_win_64/winavr/bin/../lib/gcc/avr/4.3.3/avr5\libgcc.a(_clear_bss.o)
 .data          0x0080007a        0x0 c:/users/bagiz/videos/embeded systems a s/tools/imt_sdk_win_64/winavr/bin/../lib/gcc/avr/4.3.3/avr5\libgcc.a(_fixunssfsi.o)
 .data          0x0080007a        0x0 c:/users/bagiz/videos/embeded systems a s/tools/imt_sdk_win_64/winavr/bin/../lib/gcc/avr/4.3.3/avr5\libgcc.a(_addsub_sf.o)
 .data          0x0080007a        0x0 c:/users/bagiz/videos/embeded systems a s/tools/imt_sdk_win_64/winavr/bin/../lib/gcc/avr/4.3.3/avr5\libgcc.a(_mul_sf.o)
 .data          0x0080007a        0x0 c:/users/bagiz/videos/embeded systems a s/tools/imt_sdk_win_64/winavr/bin/../lib/gcc/avr/4.3.3/avr5\libgcc.a(_gt_sf.o)
 .data          0x0080007a        0x0 c:/users/bagiz/videos/embeded systems a s/tools/imt_sdk_win_64/winavr/bin/../lib/gcc/avr/4.3.3/avr5\libgcc.a(_ge_sf.o)
 .data          0x0080007a        0x0 c:/users/bagiz/videos/embeded systems a s/tools/imt_sdk_win_64/winavr/bin/../lib/gcc/avr/4.3.3/avr5\libgcc.a(_lt_sf.o)
 .data          0x0080007a        0x0 c:/users/bagiz/videos/embeded systems a s/tools/imt_sdk_win_64/winavr/bin/../lib/gcc/avr/4.3.3/avr5\libgcc.a(_sf_to_si.o)
 .data          0x0080007a        0x8 c:/users/bagiz/videos/embeded systems a s/tools/imt_sdk_win_64/winavr/bin/../lib/gcc/avr/4.3.3/avr5\libgcc.a(_thenan_sf.o)
                0x0080007a                __thenan_sf
 .data          0x00800082        0x0 c:/users/bagiz/videos/embeded systems a s/tools/imt_sdk_win_64/winavr/bin/../lib/gcc/avr/4.3.3/avr5\libgcc.a(_usi_to_sf.o)
 .data          0x00800082        0x0 c:/users/bagiz/videos/embeded systems a s/tools/imt_sdk_win_64/winavr/bin/../lib/gcc/avr/4.3.3/avr5\libgcc.a(_udivmodsi4.o)
 .data          0x00800082        0x0 c:/users/bagiz/videos/embeded systems a s/tools/imt_sdk_win_64/winavr/bin/../lib/gcc/avr/4.3.3/avr5\libgcc.a(_prologue.o)
 .data          0x00800082        0x0 c:/users/bagiz/videos/embeded systems a s/tools/imt_sdk_win_64/winavr/bin/../lib/gcc/avr/4.3.3/avr5\libgcc.a(_epilogue.o)
 .data          0x00800082        0x0 c:/users/bagiz/videos/embeded systems a s/tools/imt_sdk_win_64/winavr/bin/../lib/gcc/avr/4.3.3/avr5\libgcc.a(_clzsi2.o)
 .data          0x00800082        0x0 c:/users/bagiz/videos/embeded systems a s/tools/imt_sdk_win_64/winavr/bin/../lib/gcc/avr/4.3.3/avr5\libgcc.a(_pack_sf.o)
 .data          0x00800082        0x0 c:/users/bagiz/videos/embeded systems a s/tools/imt_sdk_win_64/winavr/bin/../lib/gcc/avr/4.3.3/avr5\libgcc.a(_unpack_sf.o)
 .data          0x00800082        0x0 c:/users/bagiz/videos/embeded systems a s/tools/imt_sdk_win_64/winavr/bin/../lib/gcc/avr/4.3.3/avr5\libgcc.a(_fpcmp_parts_sf.o)
 .data          0x00800082      0x100 c:/users/bagiz/videos/embeded systems a s/tools/imt_sdk_win_64/winavr/bin/../lib/gcc/avr/4.3.3/avr5\libgcc.a(_clz.o)
                0x00800082                __clz_tab
 *(.data*)
 .data.switch1  0x00800182        0x3 ./main.o
                0x00800182                switch1
 .data.x        0x00800185        0x1 ./main.o
                0x00800185                x
 .data.y        0x00800186        0x1 ./main.o
                0x00800186                y
 .data.flag     0x00800187        0x1 ./main.o
                0x00800187                flag
 .data.flag2    0x00800188        0x1 ./main.o
                0x00800188                flag2
 .data.countdelay
                0x00800189        0x1 ./main.o
                0x00800189                countdelay
 *(.rodata)
 *(.rodata*)
 .rodata.C.0.1262
                0x0080018a       0x10 ./KPD_prog.o
 .rodata.C.2.1437
                0x0080019a        0x3 ./main.o
 .rodata.C.1.1436
                0x0080019d        0x8 ./main.o
 .rodata.C.0.1435
                0x008001a5        0x8 ./main.o
 *(.gnu.linkonce.d*)
                0x008001ae                . = ALIGN (0x2)
 *fill*         0x008001ad        0x1 00
                0x008001ae                _edata = .
                0x008001ae                PROVIDE (__data_end, .)

.bss            0x008001ae        0x9
                0x008001ae                PROVIDE (__bss_start, .)
 *(.bss)
 .bss           0x008001ae        0x0 c:/users/bagiz/videos/embeded systems a s/tools/imt_sdk_win_64/winavr/bin/../lib/gcc/avr/4.3.3/../../../../avr/lib/avr5/crtm32.o
 .bss           0x008001ae        0x0 ./CLCD_prog.o
 .bss           0x008001ae        0x0 ./DC_MOTOR_prog.o
 .bss           0x008001ae        0x0 ./DIO_prog.o
 .bss           0x008001ae        0x0 ./EXTI_prog.o
 .bss           0x008001ae        0x0 ./GIE_prog.o
 .bss           0x008001ae        0x0 ./KPD_prog.o
 .bss           0x008001ae        0x0 ./LED_prog.o
 .bss           0x008001ae        0x0 ./PORT_prog.o
 .bss           0x008001ae        0x0 ./SWITCH_prog.o
 .bss           0x008001ae        0x0 ./main.o
 .bss           0x008001ae        0x0 c:/users/bagiz/videos/embeded systems a s/tools/imt_sdk_win_64/winavr/bin/../lib/gcc/avr/4.3.3/avr5\libgcc.a(_mulsi3.o)
 .bss           0x008001ae        0x0 c:/users/bagiz/videos/embeded systems a s/tools/imt_sdk_win_64/winavr/bin/../lib/gcc/avr/4.3.3/avr5\libgcc.a(_divmodsi4.o)
 .bss           0x008001ae        0x0 c:/users/bagiz/videos/embeded systems a s/tools/imt_sdk_win_64/winavr/bin/../lib/gcc/avr/4.3.3/avr5\libgcc.a(_exit.o)
 .bss           0x008001ae        0x0 c:/users/bagiz/videos/embeded systems a s/tools/imt_sdk_win_64/winavr/bin/../lib/gcc/avr/4.3.3/avr5\libgcc.a(_copy_data.o)
 .bss           0x008001ae        0x0 c:/users/bagiz/videos/embeded systems a s/tools/imt_sdk_win_64/winavr/bin/../lib/gcc/avr/4.3.3/avr5\libgcc.a(_clear_bss.o)
 .bss           0x008001ae        0x0 c:/users/bagiz/videos/embeded systems a s/tools/imt_sdk_win_64/winavr/bin/../lib/gcc/avr/4.3.3/avr5\libgcc.a(_fixunssfsi.o)
 .bss           0x008001ae        0x0 c:/users/bagiz/videos/embeded systems a s/tools/imt_sdk_win_64/winavr/bin/../lib/gcc/avr/4.3.3/avr5\libgcc.a(_addsub_sf.o)
 .bss           0x008001ae        0x0 c:/users/bagiz/videos/embeded systems a s/tools/imt_sdk_win_64/winavr/bin/../lib/gcc/avr/4.3.3/avr5\libgcc.a(_mul_sf.o)
 .bss           0x008001ae        0x0 c:/users/bagiz/videos/embeded systems a s/tools/imt_sdk_win_64/winavr/bin/../lib/gcc/avr/4.3.3/avr5\libgcc.a(_gt_sf.o)
 .bss           0x008001ae        0x0 c:/users/bagiz/videos/embeded systems a s/tools/imt_sdk_win_64/winavr/bin/../lib/gcc/avr/4.3.3/avr5\libgcc.a(_ge_sf.o)
 .bss           0x008001ae        0x0 c:/users/bagiz/videos/embeded systems a s/tools/imt_sdk_win_64/winavr/bin/../lib/gcc/avr/4.3.3/avr5\libgcc.a(_lt_sf.o)
 .bss           0x008001ae        0x0 c:/users/bagiz/videos/embeded systems a s/tools/imt_sdk_win_64/winavr/bin/../lib/gcc/avr/4.3.3/avr5\libgcc.a(_sf_to_si.o)
 .bss           0x008001ae        0x0 c:/users/bagiz/videos/embeded systems a s/tools/imt_sdk_win_64/winavr/bin/../lib/gcc/avr/4.3.3/avr5\libgcc.a(_thenan_sf.o)
 .bss           0x008001ae        0x0 c:/users/bagiz/videos/embeded systems a s/tools/imt_sdk_win_64/winavr/bin/../lib/gcc/avr/4.3.3/avr5\libgcc.a(_usi_to_sf.o)
 .bss           0x008001ae        0x0 c:/users/bagiz/videos/embeded systems a s/tools/imt_sdk_win_64/winavr/bin/../lib/gcc/avr/4.3.3/avr5\libgcc.a(_udivmodsi4.o)
 .bss           0x008001ae        0x0 c:/users/bagiz/videos/embeded systems a s/tools/imt_sdk_win_64/winavr/bin/../lib/gcc/avr/4.3.3/avr5\libgcc.a(_prologue.o)
 .bss           0x008001ae        0x0 c:/users/bagiz/videos/embeded systems a s/tools/imt_sdk_win_64/winavr/bin/../lib/gcc/avr/4.3.3/avr5\libgcc.a(_epilogue.o)
 .bss           0x008001ae        0x0 c:/users/bagiz/videos/embeded systems a s/tools/imt_sdk_win_64/winavr/bin/../lib/gcc/avr/4.3.3/avr5\libgcc.a(_clzsi2.o)
 .bss           0x008001ae        0x0 c:/users/bagiz/videos/embeded systems a s/tools/imt_sdk_win_64/winavr/bin/../lib/gcc/avr/4.3.3/avr5\libgcc.a(_pack_sf.o)
 .bss           0x008001ae        0x0 c:/users/bagiz/videos/embeded systems a s/tools/imt_sdk_win_64/winavr/bin/../lib/gcc/avr/4.3.3/avr5\libgcc.a(_unpack_sf.o)
 .bss           0x008001ae        0x0 c:/users/bagiz/videos/embeded systems a s/tools/imt_sdk_win_64/winavr/bin/../lib/gcc/avr/4.3.3/avr5\libgcc.a(_fpcmp_parts_sf.o)
 .bss           0x008001ae        0x0 c:/users/bagiz/videos/embeded systems a s/tools/imt_sdk_win_64/winavr/bin/../lib/gcc/avr/4.3.3/avr5\libgcc.a(_clz.o)
 *(.bss*)
 .bss.EXTI_pvCallBack
                0x008001ae        0x6 ./EXTI_prog.o
 .bss.counter   0x008001b4        0x1 ./main.o
                0x008001b4                counter
 .bss.r         0x008001b5        0x1 ./main.o
                0x008001b5                r
 *(COMMON)
 COMMON         0x008001b6        0x1 ./main.o
                0x008001b6                state
                0x008001b7                PROVIDE (__bss_end, .)
                0x00002cd4                __data_load_start = LOADADDR (.data)
                0x00002e22                __data_load_end = (__data_load_start + SIZEOF (.data))

.noinit         0x008001b7        0x0
                0x008001b7                PROVIDE (__noinit_start, .)
 *(.noinit*)
                0x008001b7                PROVIDE (__noinit_end, .)
                0x008001b7                _end = .
                0x008001b7                PROVIDE (__heap_start, .)

.eeprom         0x00810000        0x0
 *(.eeprom*)
                0x00810000                __eeprom_end = .

.fuse
 *(.fuse)
 *(.lfuse)
 *(.hfuse)
 *(.efuse)

.lock
 *(.lock*)

.signature
 *(.signature*)

.stab           0x00000000     0x2e20
 *(.stab)
 .stab          0x00000000      0xcd8 ./CLCD_prog.o
 .stab          0x00000cd8      0x2d0 ./DC_MOTOR_prog.o
                                0x3fc (size before relaxing)
 .stab          0x00000fa8      0x780 ./DIO_prog.o
                                0x8ac (size before relaxing)
 .stab          0x00001728      0x5a0 ./EXTI_prog.o
                                0x660 (size before relaxing)
 .stab          0x00001cc8      0x144 ./GIE_prog.o
                                0x1e0 (size before relaxing)
 .stab          0x00001e0c      0x258 ./KPD_prog.o
                                0x384 (size before relaxing)
 .stab          0x00002064      0x318 ./LED_prog.o
                                0x5d0 (size before relaxing)
 .stab          0x0000237c      0x168 ./PORT_prog.o
                                0x204 (size before relaxing)
 .stab          0x000024e4      0x258 ./SWITCH_prog.o
                                0x384 (size before relaxing)
 .stab          0x0000273c      0x6e4 ./main.o
                                0xa50 (size before relaxing)

.stabstr        0x00000000     0x1569
 *(.stabstr)
 .stabstr       0x00000000     0x1569 ./CLCD_prog.o

.stab.excl
 *(.stab.excl)

.stab.exclstr
 *(.stab.exclstr)

.stab.index
 *(.stab.index)

.stab.indexstr
 *(.stab.indexstr)

.comment
 *(.comment)

.debug
 *(.debug)

.line
 *(.line)

.debug_srcinfo
 *(.debug_srcinfo)

.debug_sfnames
 *(.debug_sfnames)

.debug_aranges  0x00000000      0x180
 *(.debug_aranges)
 .debug_aranges
                0x00000000       0x20 c:/users/bagiz/videos/embeded systems a s/tools/imt_sdk_win_64/winavr/bin/../lib/gcc/avr/4.3.3/avr5\libgcc.a(_fixunssfsi.o)
 .debug_aranges
                0x00000020       0x20 c:/users/bagiz/videos/embeded systems a s/tools/imt_sdk_win_64/winavr/bin/../lib/gcc/avr/4.3.3/avr5\libgcc.a(_addsub_sf.o)
 .debug_aranges
                0x00000040       0x20 c:/users/bagiz/videos/embeded systems a s/tools/imt_sdk_win_64/winavr/bin/../lib/gcc/avr/4.3.3/avr5\libgcc.a(_mul_sf.o)
 .debug_aranges
                0x00000060       0x20 c:/users/bagiz/videos/embeded systems a s/tools/imt_sdk_win_64/winavr/bin/../lib/gcc/avr/4.3.3/avr5\libgcc.a(_gt_sf.o)
 .debug_aranges
                0x00000080       0x20 c:/users/bagiz/videos/embeded systems a s/tools/imt_sdk_win_64/winavr/bin/../lib/gcc/avr/4.3.3/avr5\libgcc.a(_ge_sf.o)
 .debug_aranges
                0x000000a0       0x20 c:/users/bagiz/videos/embeded systems a s/tools/imt_sdk_win_64/winavr/bin/../lib/gcc/avr/4.3.3/avr5\libgcc.a(_lt_sf.o)
 .debug_aranges
                0x000000c0       0x20 c:/users/bagiz/videos/embeded systems a s/tools/imt_sdk_win_64/winavr/bin/../lib/gcc/avr/4.3.3/avr5\libgcc.a(_sf_to_si.o)
 .debug_aranges
                0x000000e0       0x20 c:/users/bagiz/videos/embeded systems a s/tools/imt_sdk_win_64/winavr/bin/../lib/gcc/avr/4.3.3/avr5\libgcc.a(_usi_to_sf.o)
 .debug_aranges
                0x00000100       0x20 c:/users/bagiz/videos/embeded systems a s/tools/imt_sdk_win_64/winavr/bin/../lib/gcc/avr/4.3.3/avr5\libgcc.a(_clzsi2.o)
 .debug_aranges
                0x00000120       0x20 c:/users/bagiz/videos/embeded systems a s/tools/imt_sdk_win_64/winavr/bin/../lib/gcc/avr/4.3.3/avr5\libgcc.a(_pack_sf.o)
 .debug_aranges
                0x00000140       0x20 c:/users/bagiz/videos/embeded systems a s/tools/imt_sdk_win_64/winavr/bin/../lib/gcc/avr/4.3.3/avr5\libgcc.a(_unpack_sf.o)
 .debug_aranges
                0x00000160       0x20 c:/users/bagiz/videos/embeded systems a s/tools/imt_sdk_win_64/winavr/bin/../lib/gcc/avr/4.3.3/avr5\libgcc.a(_fpcmp_parts_sf.o)

.debug_pubnames
                0x00000000      0x1d3
 *(.debug_pubnames)
 .debug_pubnames
                0x00000000       0x23 c:/users/bagiz/videos/embeded systems a s/tools/imt_sdk_win_64/winavr/bin/../lib/gcc/avr/4.3.3/avr5\libgcc.a(_fixunssfsi.o)
 .debug_pubnames
                0x00000023       0x2c c:/users/bagiz/videos/embeded systems a s/tools/imt_sdk_win_64/winavr/bin/../lib/gcc/avr/4.3.3/avr5\libgcc.a(_addsub_sf.o)
 .debug_pubnames
                0x0000004f       0x1f c:/users/bagiz/videos/embeded systems a s/tools/imt_sdk_win_64/winavr/bin/../lib/gcc/avr/4.3.3/avr5\libgcc.a(_mul_sf.o)
 .debug_pubnames
                0x0000006e       0x1e c:/users/bagiz/videos/embeded systems a s/tools/imt_sdk_win_64/winavr/bin/../lib/gcc/avr/4.3.3/avr5\libgcc.a(_gt_sf.o)
 .debug_pubnames
                0x0000008c       0x1e c:/users/bagiz/videos/embeded systems a s/tools/imt_sdk_win_64/winavr/bin/../lib/gcc/avr/4.3.3/avr5\libgcc.a(_ge_sf.o)
 .debug_pubnames
                0x000000aa       0x1e c:/users/bagiz/videos/embeded systems a s/tools/imt_sdk_win_64/winavr/bin/../lib/gcc/avr/4.3.3/avr5\libgcc.a(_lt_sf.o)
 .debug_pubnames
                0x000000c8       0x20 c:/users/bagiz/videos/embeded systems a s/tools/imt_sdk_win_64/winavr/bin/../lib/gcc/avr/4.3.3/avr5\libgcc.a(_sf_to_si.o)
 .debug_pubnames
                0x000000e8       0x22 c:/users/bagiz/videos/embeded systems a s/tools/imt_sdk_win_64/winavr/bin/../lib/gcc/avr/4.3.3/avr5\libgcc.a(_thenan_sf.o)
 .debug_pubnames
                0x0000010a       0x24 c:/users/bagiz/videos/embeded systems a s/tools/imt_sdk_win_64/winavr/bin/../lib/gcc/avr/4.3.3/avr5\libgcc.a(_usi_to_sf.o)
 .debug_pubnames
                0x0000012e       0x1f c:/users/bagiz/videos/embeded systems a s/tools/imt_sdk_win_64/winavr/bin/../lib/gcc/avr/4.3.3/avr5\libgcc.a(_clzsi2.o)
 .debug_pubnames
                0x0000014d       0x1f c:/users/bagiz/videos/embeded systems a s/tools/imt_sdk_win_64/winavr/bin/../lib/gcc/avr/4.3.3/avr5\libgcc.a(_pack_sf.o)
 .debug_pubnames
                0x0000016c       0x21 c:/users/bagiz/videos/embeded systems a s/tools/imt_sdk_win_64/winavr/bin/../lib/gcc/avr/4.3.3/avr5\libgcc.a(_unpack_sf.o)
 .debug_pubnames
                0x0000018d       0x26 c:/users/bagiz/videos/embeded systems a s/tools/imt_sdk_win_64/winavr/bin/../lib/gcc/avr/4.3.3/avr5\libgcc.a(_fpcmp_parts_sf.o)
 .debug_pubnames
                0x000001b3       0x20 c:/users/bagiz/videos/embeded systems a s/tools/imt_sdk_win_64/winavr/bin/../lib/gcc/avr/4.3.3/avr5\libgcc.a(_clz.o)

.debug_info     0x00000000     0x200f
 *(.debug_info)
 .debug_info    0x00000000       0xb1 c:/users/bagiz/videos/embeded systems a s/tools/imt_sdk_win_64/winavr/bin/../lib/gcc/avr/4.3.3/avr5\libgcc.a(_fixunssfsi.o)
 .debug_info    0x000000b1      0x47a c:/users/bagiz/videos/embeded systems a s/tools/imt_sdk_win_64/winavr/bin/../lib/gcc/avr/4.3.3/avr5\libgcc.a(_addsub_sf.o)
 .debug_info    0x0000052b      0x485 c:/users/bagiz/videos/embeded systems a s/tools/imt_sdk_win_64/winavr/bin/../lib/gcc/avr/4.3.3/avr5\libgcc.a(_mul_sf.o)
 .debug_info    0x000009b0      0x27f c:/users/bagiz/videos/embeded systems a s/tools/imt_sdk_win_64/winavr/bin/../lib/gcc/avr/4.3.3/avr5\libgcc.a(_gt_sf.o)
 .debug_info    0x00000c2f      0x27f c:/users/bagiz/videos/embeded systems a s/tools/imt_sdk_win_64/winavr/bin/../lib/gcc/avr/4.3.3/avr5\libgcc.a(_ge_sf.o)
 .debug_info    0x00000eae      0x27f c:/users/bagiz/videos/embeded systems a s/tools/imt_sdk_win_64/winavr/bin/../lib/gcc/avr/4.3.3/avr5\libgcc.a(_lt_sf.o)
 .debug_info    0x0000112d      0x2b0 c:/users/bagiz/videos/embeded systems a s/tools/imt_sdk_win_64/winavr/bin/../lib/gcc/avr/4.3.3/avr5\libgcc.a(_sf_to_si.o)
 .debug_info    0x000013dd      0x12c c:/users/bagiz/videos/embeded systems a s/tools/imt_sdk_win_64/winavr/bin/../lib/gcc/avr/4.3.3/avr5\libgcc.a(_thenan_sf.o)
 .debug_info    0x00001509      0x206 c:/users/bagiz/videos/embeded systems a s/tools/imt_sdk_win_64/winavr/bin/../lib/gcc/avr/4.3.3/avr5\libgcc.a(_usi_to_sf.o)
 .debug_info    0x0000170f      0x117 c:/users/bagiz/videos/embeded systems a s/tools/imt_sdk_win_64/winavr/bin/../lib/gcc/avr/4.3.3/avr5\libgcc.a(_clzsi2.o)
 .debug_info    0x00001826      0x2df c:/users/bagiz/videos/embeded systems a s/tools/imt_sdk_win_64/winavr/bin/../lib/gcc/avr/4.3.3/avr5\libgcc.a(_pack_sf.o)
 .debug_info    0x00001b05      0x251 c:/users/bagiz/videos/embeded systems a s/tools/imt_sdk_win_64/winavr/bin/../lib/gcc/avr/4.3.3/avr5\libgcc.a(_unpack_sf.o)
 .debug_info    0x00001d56      0x210 c:/users/bagiz/videos/embeded systems a s/tools/imt_sdk_win_64/winavr/bin/../lib/gcc/avr/4.3.3/avr5\libgcc.a(_fpcmp_parts_sf.o)
 .debug_info    0x00001f66       0xa9 c:/users/bagiz/videos/embeded systems a s/tools/imt_sdk_win_64/winavr/bin/../lib/gcc/avr/4.3.3/avr5\libgcc.a(_clz.o)
 *(.gnu.linkonce.wi.*)

.debug_abbrev   0x00000000     0x1170
 *(.debug_abbrev)
 .debug_abbrev  0x00000000       0x5d c:/users/bagiz/videos/embeded systems a s/tools/imt_sdk_win_64/winavr/bin/../lib/gcc/avr/4.3.3/avr5\libgcc.a(_fixunssfsi.o)
 .debug_abbrev  0x0000005d      0x1ea c:/users/bagiz/videos/embeded systems a s/tools/imt_sdk_win_64/winavr/bin/../lib/gcc/avr/4.3.3/avr5\libgcc.a(_addsub_sf.o)
 .debug_abbrev  0x00000247      0x21b c:/users/bagiz/videos/embeded systems a s/tools/imt_sdk_win_64/winavr/bin/../lib/gcc/avr/4.3.3/avr5\libgcc.a(_mul_sf.o)
 .debug_abbrev  0x00000462      0x15a c:/users/bagiz/videos/embeded systems a s/tools/imt_sdk_win_64/winavr/bin/../lib/gcc/avr/4.3.3/avr5\libgcc.a(_gt_sf.o)
 .debug_abbrev  0x000005bc      0x15a c:/users/bagiz/videos/embeded systems a s/tools/imt_sdk_win_64/winavr/bin/../lib/gcc/avr/4.3.3/avr5\libgcc.a(_ge_sf.o)
 .debug_abbrev  0x00000716      0x15a c:/users/bagiz/videos/embeded systems a s/tools/imt_sdk_win_64/winavr/bin/../lib/gcc/avr/4.3.3/avr5\libgcc.a(_lt_sf.o)
 .debug_abbrev  0x00000870      0x17f c:/users/bagiz/videos/embeded systems a s/tools/imt_sdk_win_64/winavr/bin/../lib/gcc/avr/4.3.3/avr5\libgcc.a(_sf_to_si.o)
 .debug_abbrev  0x000009ef       0xad c:/users/bagiz/videos/embeded systems a s/tools/imt_sdk_win_64/winavr/bin/../lib/gcc/avr/4.3.3/avr5\libgcc.a(_thenan_sf.o)
 .debug_abbrev  0x00000a9c      0x157 c:/users/bagiz/videos/embeded systems a s/tools/imt_sdk_win_64/winavr/bin/../lib/gcc/avr/4.3.3/avr5\libgcc.a(_usi_to_sf.o)
 .debug_abbrev  0x00000bf3       0xc4 c:/users/bagiz/videos/embeded systems a s/tools/imt_sdk_win_64/winavr/bin/../lib/gcc/avr/4.3.3/avr5\libgcc.a(_clzsi2.o)
 .debug_abbrev  0x00000cb7      0x1c0 c:/users/bagiz/videos/embeded systems a s/tools/imt_sdk_win_64/winavr/bin/../lib/gcc/avr/4.3.3/avr5\libgcc.a(_pack_sf.o)
 .debug_abbrev  0x00000e77      0x154 c:/users/bagiz/videos/embeded systems a s/tools/imt_sdk_win_64/winavr/bin/../lib/gcc/avr/4.3.3/avr5\libgcc.a(_unpack_sf.o)
 .debug_abbrev  0x00000fcb      0x13b c:/users/bagiz/videos/embeded systems a s/tools/imt_sdk_win_64/winavr/bin/../lib/gcc/avr/4.3.3/avr5\libgcc.a(_fpcmp_parts_sf.o)
 .debug_abbrev  0x00001106       0x6a c:/users/bagiz/videos/embeded systems a s/tools/imt_sdk_win_64/winavr/bin/../lib/gcc/avr/4.3.3/avr5\libgcc.a(_clz.o)

.debug_line     0x00000000     0x1001
 *(.debug_line)
 .debug_line    0x00000000       0xa7 c:/users/bagiz/videos/embeded systems a s/tools/imt_sdk_win_64/winavr/bin/../lib/gcc/avr/4.3.3/avr5\libgcc.a(_fixunssfsi.o)
 .debug_line    0x000000a7      0x2af c:/users/bagiz/videos/embeded systems a s/tools/imt_sdk_win_64/winavr/bin/../lib/gcc/avr/4.3.3/avr5\libgcc.a(_addsub_sf.o)
 .debug_line    0x00000356      0x239 c:/users/bagiz/videos/embeded systems a s/tools/imt_sdk_win_64/winavr/bin/../lib/gcc/avr/4.3.3/avr5\libgcc.a(_mul_sf.o)
 .debug_line    0x0000058f       0xd3 c:/users/bagiz/videos/embeded systems a s/tools/imt_sdk_win_64/winavr/bin/../lib/gcc/avr/4.3.3/avr5\libgcc.a(_gt_sf.o)
 .debug_line    0x00000662       0xd3 c:/users/bagiz/videos/embeded systems a s/tools/imt_sdk_win_64/winavr/bin/../lib/gcc/avr/4.3.3/avr5\libgcc.a(_ge_sf.o)
 .debug_line    0x00000735       0xd3 c:/users/bagiz/videos/embeded systems a s/tools/imt_sdk_win_64/winavr/bin/../lib/gcc/avr/4.3.3/avr5\libgcc.a(_lt_sf.o)
 .debug_line    0x00000808      0x109 c:/users/bagiz/videos/embeded systems a s/tools/imt_sdk_win_64/winavr/bin/../lib/gcc/avr/4.3.3/avr5\libgcc.a(_sf_to_si.o)
 .debug_line    0x00000911       0x90 c:/users/bagiz/videos/embeded systems a s/tools/imt_sdk_win_64/winavr/bin/../lib/gcc/avr/4.3.3/avr5\libgcc.a(_thenan_sf.o)
 .debug_line    0x000009a1      0x133 c:/users/bagiz/videos/embeded systems a s/tools/imt_sdk_win_64/winavr/bin/../lib/gcc/avr/4.3.3/avr5\libgcc.a(_usi_to_sf.o)
 .debug_line    0x00000ad4       0xa5 c:/users/bagiz/videos/embeded systems a s/tools/imt_sdk_win_64/winavr/bin/../lib/gcc/avr/4.3.3/avr5\libgcc.a(_clzsi2.o)
 .debug_line    0x00000b79      0x18a c:/users/bagiz/videos/embeded systems a s/tools/imt_sdk_win_64/winavr/bin/../lib/gcc/avr/4.3.3/avr5\libgcc.a(_pack_sf.o)
 .debug_line    0x00000d03      0x14b c:/users/bagiz/videos/embeded systems a s/tools/imt_sdk_win_64/winavr/bin/../lib/gcc/avr/4.3.3/avr5\libgcc.a(_unpack_sf.o)
 .debug_line    0x00000e4e      0x137 c:/users/bagiz/videos/embeded systems a s/tools/imt_sdk_win_64/winavr/bin/../lib/gcc/avr/4.3.3/avr5\libgcc.a(_fpcmp_parts_sf.o)
 .debug_line    0x00000f85       0x7c c:/users/bagiz/videos/embeded systems a s/tools/imt_sdk_win_64/winavr/bin/../lib/gcc/avr/4.3.3/avr5\libgcc.a(_clz.o)

.debug_frame    0x00000000      0x1a0
 *(.debug_frame)
 .debug_frame   0x00000000       0x20 c:/users/bagiz/videos/embeded systems a s/tools/imt_sdk_win_64/winavr/bin/../lib/gcc/avr/4.3.3/avr5\libgcc.a(_fixunssfsi.o)
 .debug_frame   0x00000020       0x40 c:/users/bagiz/videos/embeded systems a s/tools/imt_sdk_win_64/winavr/bin/../lib/gcc/avr/4.3.3/avr5\libgcc.a(_addsub_sf.o)
 .debug_frame   0x00000060       0x20 c:/users/bagiz/videos/embeded systems a s/tools/imt_sdk_win_64/winavr/bin/../lib/gcc/avr/4.3.3/avr5\libgcc.a(_mul_sf.o)
 .debug_frame   0x00000080       0x20 c:/users/bagiz/videos/embeded systems a s/tools/imt_sdk_win_64/winavr/bin/../lib/gcc/avr/4.3.3/avr5\libgcc.a(_gt_sf.o)
 .debug_frame   0x000000a0       0x20 c:/users/bagiz/videos/embeded systems a s/tools/imt_sdk_win_64/winavr/bin/../lib/gcc/avr/4.3.3/avr5\libgcc.a(_ge_sf.o)
 .debug_frame   0x000000c0       0x20 c:/users/bagiz/videos/embeded systems a s/tools/imt_sdk_win_64/winavr/bin/../lib/gcc/avr/4.3.3/avr5\libgcc.a(_lt_sf.o)
 .debug_frame   0x000000e0       0x20 c:/users/bagiz/videos/embeded systems a s/tools/imt_sdk_win_64/winavr/bin/../lib/gcc/avr/4.3.3/avr5\libgcc.a(_sf_to_si.o)
 .debug_frame   0x00000100       0x20 c:/users/bagiz/videos/embeded systems a s/tools/imt_sdk_win_64/winavr/bin/../lib/gcc/avr/4.3.3/avr5\libgcc.a(_usi_to_sf.o)
 .debug_frame   0x00000120       0x20 c:/users/bagiz/videos/embeded systems a s/tools/imt_sdk_win_64/winavr/bin/../lib/gcc/avr/4.3.3/avr5\libgcc.a(_clzsi2.o)
 .debug_frame   0x00000140       0x20 c:/users/bagiz/videos/embeded systems a s/tools/imt_sdk_win_64/winavr/bin/../lib/gcc/avr/4.3.3/avr5\libgcc.a(_pack_sf.o)
 .debug_frame   0x00000160       0x20 c:/users/bagiz/videos/embeded systems a s/tools/imt_sdk_win_64/winavr/bin/../lib/gcc/avr/4.3.3/avr5\libgcc.a(_unpack_sf.o)
 .debug_frame   0x00000180       0x20 c:/users/bagiz/videos/embeded systems a s/tools/imt_sdk_win_64/winavr/bin/../lib/gcc/avr/4.3.3/avr5\libgcc.a(_fpcmp_parts_sf.o)

.debug_str      0x00000000      0x2c1
 *(.debug_str)
 .debug_str     0x00000000       0xbf c:/users/bagiz/videos/embeded systems a s/tools/imt_sdk_win_64/winavr/bin/../lib/gcc/avr/4.3.3/avr5\libgcc.a(_fixunssfsi.o)
                                 0xfe (size before relaxing)
 .debug_str     0x000000bf      0x14d c:/users/bagiz/videos/embeded systems a s/tools/imt_sdk_win_64/winavr/bin/../lib/gcc/avr/4.3.3/avr5\libgcc.a(_addsub_sf.o)
                                0x206 (size before relaxing)
 .debug_str     0x0000020c       0x27 c:/users/bagiz/videos/embeded systems a s/tools/imt_sdk_win_64/winavr/bin/../lib/gcc/avr/4.3.3/avr5\libgcc.a(_mul_sf.o)
                                0x1bf (size before relaxing)
 .debug_str     0x00000233        0x8 c:/users/bagiz/videos/embeded systems a s/tools/imt_sdk_win_64/winavr/bin/../lib/gcc/avr/4.3.3/avr5\libgcc.a(_gt_sf.o)
                                0x195 (size before relaxing)
 .debug_str     0x0000023b        0x8 c:/users/bagiz/videos/embeded systems a s/tools/imt_sdk_win_64/winavr/bin/../lib/gcc/avr/4.3.3/avr5\libgcc.a(_ge_sf.o)
                                0x195 (size before relaxing)
 .debug_str     0x00000243        0x8 c:/users/bagiz/videos/embeded systems a s/tools/imt_sdk_win_64/winavr/bin/../lib/gcc/avr/4.3.3/avr5\libgcc.a(_lt_sf.o)
                                0x195 (size before relaxing)
 .debug_str     0x0000024b        0xa c:/users/bagiz/videos/embeded systems a s/tools/imt_sdk_win_64/winavr/bin/../lib/gcc/avr/4.3.3/avr5\libgcc.a(_sf_to_si.o)
                                0x19e (size before relaxing)
 .debug_str     0x00000000      0x103 c:/users/bagiz/videos/embeded systems a s/tools/imt_sdk_win_64/winavr/bin/../lib/gcc/avr/4.3.3/avr5\libgcc.a(_thenan_sf.o)
 .debug_str     0x00000255       0x21 c:/users/bagiz/videos/embeded systems a s/tools/imt_sdk_win_64/winavr/bin/../lib/gcc/avr/4.3.3/avr5\libgcc.a(_usi_to_sf.o)
                                0x177 (size before relaxing)
 .debug_str     0x00000276       0x20 c:/users/bagiz/videos/embeded systems a s/tools/imt_sdk_win_64/winavr/bin/../lib/gcc/avr/4.3.3/avr5\libgcc.a(_clzsi2.o)
                                0x111 (size before relaxing)
 .debug_str     0x00000296       0x10 c:/users/bagiz/videos/embeded systems a s/tools/imt_sdk_win_64/winavr/bin/../lib/gcc/avr/4.3.3/avr5\libgcc.a(_pack_sf.o)
                                0x19d (size before relaxing)
 .debug_str     0x000002a6        0xb c:/users/bagiz/videos/embeded systems a s/tools/imt_sdk_win_64/winavr/bin/../lib/gcc/avr/4.3.3/avr5\libgcc.a(_unpack_sf.o)
                                0x17f (size before relaxing)
 .debug_str     0x000002b1       0x10 c:/users/bagiz/videos/embeded systems a s/tools/imt_sdk_win_64/winavr/bin/../lib/gcc/avr/4.3.3/avr5\libgcc.a(_fpcmp_parts_sf.o)
                                0x163 (size before relaxing)
 .debug_str     0x00000000       0xf4 c:/users/bagiz/videos/embeded systems a s/tools/imt_sdk_win_64/winavr/bin/../lib/gcc/avr/4.3.3/avr5\libgcc.a(_clz.o)

.debug_loc      0x00000000      0x8ae
 *(.debug_loc)
 .debug_loc     0x00000000       0x34 c:/users/bagiz/videos/embeded systems a s/tools/imt_sdk_win_64/winavr/bin/../lib/gcc/avr/4.3.3/avr5\libgcc.a(_fixunssfsi.o)
 .debug_loc     0x00000034      0x32a c:/users/bagiz/videos/embeded systems a s/tools/imt_sdk_win_64/winavr/bin/../lib/gcc/avr/4.3.3/avr5\libgcc.a(_addsub_sf.o)
 .debug_loc     0x0000035e      0x104 c:/users/bagiz/videos/embeded systems a s/tools/imt_sdk_win_64/winavr/bin/../lib/gcc/avr/4.3.3/avr5\libgcc.a(_mul_sf.o)
 .debug_loc     0x00000462       0x3c c:/users/bagiz/videos/embeded systems a s/tools/imt_sdk_win_64/winavr/bin/../lib/gcc/avr/4.3.3/avr5\libgcc.a(_gt_sf.o)
 .debug_loc     0x0000049e       0x3c c:/users/bagiz/videos/embeded systems a s/tools/imt_sdk_win_64/winavr/bin/../lib/gcc/avr/4.3.3/avr5\libgcc.a(_ge_sf.o)
 .debug_loc     0x000004da       0x3c c:/users/bagiz/videos/embeded systems a s/tools/imt_sdk_win_64/winavr/bin/../lib/gcc/avr/4.3.3/avr5\libgcc.a(_lt_sf.o)
 .debug_loc     0x00000516       0x7e c:/users/bagiz/videos/embeded systems a s/tools/imt_sdk_win_64/winavr/bin/../lib/gcc/avr/4.3.3/avr5\libgcc.a(_sf_to_si.o)
 .debug_loc     0x00000594       0x4c c:/users/bagiz/videos/embeded systems a s/tools/imt_sdk_win_64/winavr/bin/../lib/gcc/avr/4.3.3/avr5\libgcc.a(_usi_to_sf.o)
 .debug_loc     0x000005e0       0x94 c:/users/bagiz/videos/embeded systems a s/tools/imt_sdk_win_64/winavr/bin/../lib/gcc/avr/4.3.3/avr5\libgcc.a(_clzsi2.o)
 .debug_loc     0x00000674      0x13e c:/users/bagiz/videos/embeded systems a s/tools/imt_sdk_win_64/winavr/bin/../lib/gcc/avr/4.3.3/avr5\libgcc.a(_pack_sf.o)
 .debug_loc     0x000007b2       0xac c:/users/bagiz/videos/embeded systems a s/tools/imt_sdk_win_64/winavr/bin/../lib/gcc/avr/4.3.3/avr5\libgcc.a(_unpack_sf.o)
 .debug_loc     0x0000085e       0x50 c:/users/bagiz/videos/embeded systems a s/tools/imt_sdk_win_64/winavr/bin/../lib/gcc/avr/4.3.3/avr5\libgcc.a(_fpcmp_parts_sf.o)

.debug_macinfo
 *(.debug_macinfo)
OUTPUT(PING_PONG_salve.elf elf32-avr)
LOAD linker stubs

.debug_ranges   0x00000000       0x50
 .debug_ranges  0x00000000       0x50 c:/users/bagiz/videos/embeded systems a s/tools/imt_sdk_win_64/winavr/bin/../lib/gcc/avr/4.3.3/avr5\libgcc.a(_mul_sf.o)
